
> temp-qwqer@0.1.0 build
> next build

  Γû▓ Next.js 14.2.3
  - Environments: .env

   Creating an optimized production build ...
 Γ£ô Compiled successfully
   Linting and checking validity of types ...

./components/fleet/WhyQwqerFleet.tsx
176:8  Warning: React Hook useCallback has a missing dependency: 'iconRefs'. Either include it or remove the dependency array.  react-hooks/exhaustive-deps

info  - Need to disable some ESLint rules? Learn more here: https://nextjs.org/docs/basic-features/eslint#disabling-rules
node.exe : Failed to 
compile.
At line:1 char:1
+ & "C:\Program 
Files\nodejs/node.exe" 
"C:\Program 
Files\nodejs/node_mo 
...
+ ~~~~~~~~~~~~~~~~~~~~~
~~~~~~~~~~~~~~~~~~~~~~~
~~~~~~~~~~~~~~~~~~~~~~~
~~
    + CategoryInfo     
         : NotSpecifi  
  ed: (Failed to com   
 pile.:String) [],     
RemoteException
    + FullyQualifiedEr 
   rorId : NativeComm  
  andError
 

./components/fleet/WhyQ
wqerFleet.tsx:61:17
Type error: Type 'RefOb
ject<HTMLDivElement | 
null>' is not 
assignable to type 'Leg
acyRef<HTMLDivElement> 
| undefined'.
  Type 'RefObject<HTMLD
ivElement | null>' is 
not assignable to type 
'RefObject<HTMLDivEleme
nt>'.
    Type 
'HTMLDivElement | 
null' is not 
assignable to type 
'HTMLDivElement'.
      Type 'null' is 
not assignable to type 
'HTMLDivElement'.

[0m [90m 59 |[39m   
      [33m<[39m[33md
iv[39m className[33m=
[39m[32m"flex 
items-start 
gap-5"[39m 
style[33m=[39m{{ 
position[33m:[39m [3
2m"relative"[39m[33m,
[39m 
zIndex[33m:[39m 
[35m2[39m 
}}[33m>[39m[0m
[0m [90m 60 |[39m   
          [33m<[39m[
33mmotion[39m[33m.[3
9mdiv[0m
[0m[31m[1m>[22m[39
m[90m 61 |[39m       
          ref[33m=[39
m{iconRef}[0m
[0m [90m    |[39m   
              [31m[1m
^[22m[39m[0m
[0m [90m 62 |[39m   
              className
[33m=[39m[32m"w-[56p
x] h-[56px] 
flex-shrink-0 
rounded-full border-2 
border-blue-500/60 
flex items-center justi
fy-center"[39m[0m
[0m [90m 63 |[39m   
              
style[33m=[39m{{ back
groundColor[33m:[39m 
[32m"#000"[39m[33m,
[39m 
position[33m:[39m [3
2m"relative"[39m[33m,
[39m 
zIndex[33m:[39m 
[35m3[39m }}[0m
[0m [90m 64 |[39m   
              initial[
33m=[39m{[36mfalse[3
9m}[0m
